<?xml version="1.0" encoding="UTF-8"?>
<testsuites>
    <testsuite name="sign-up-on-the-website;user-sucess-to-signup-on-the-website" tests="4" failures="1" skipped="0">
        <properties>
            <property name="@success" value="true">
            </property>
            <property name="URI" value="C:\Users\ASUS\Documents\SELENIUM-TEST\features\signupfemale.feature">
            </property>
        </properties>
        <testcase name="Given user browse singup famale page" classname="sign-up-on-the-website;user-sucess-to-signup-on-the-website" time="0.0007543">
        </testcase>
        <testcase name="And user fill phone number to signup" classname="sign-up-on-the-website;user-sucess-to-signup-on-the-website" time="0.0003325">
        </testcase>
        <testcase name="When user click signup button" classname="sign-up-on-the-website;user-sucess-to-signup-on-the-website" time="0.0003155">
        </testcase>
        <testcase name="Then user can see verification page" classname="sign-up-on-the-website;user-sucess-to-signup-on-the-website" time="16.6897362">
            <failure message="TimeoutError: Waiting for element to be located By(xpath, //p[@class=&apos;jsx-3676245989&apos;])">TimeoutError: Waiting for element to be located By(xpath, //p[@class=&apos;jsx-3676245989&apos;])
Wait timed out after 10013ms
    at C:\Users\ASUS\Documents\SELENIUM-TEST\node_modules\selenium-webdriver\lib\promise.js:2209:17
    at ManagedPromise.invokeCallback_ (C:\Users\ASUS\Documents\SELENIUM-TEST\node_modules\selenium-webdriver\lib\promise.js:1384:14)
    at TaskQueue.execute_ (C:\Users\ASUS\Documents\SELENIUM-TEST\node_modules\selenium-webdriver\lib\promise.js:3092:14)
    at TaskQueue.executeNext_ (C:\Users\ASUS\Documents\SELENIUM-TEST\node_modules\selenium-webdriver\lib\promise.js:3075:27)
    at C:\Users\ASUS\Documents\SELENIUM-TEST\node_modules\selenium-webdriver\lib\promise.js:2935:27
    at C:\Users\ASUS\Documents\SELENIUM-TEST\node_modules\selenium-webdriver\lib\promise.js:676:7
    at runMicrotasks (&lt;anonymous&gt;)
    at processTicksAndRejections (internal/process/task_queues.js:95:5)
From: Task: Waiting for element to be located By(xpath, //p[@class=&apos;jsx-3676245989&apos;])
    at scheduleWait (C:\Users\ASUS\Documents\SELENIUM-TEST\node_modules\selenium-webdriver\lib\promise.js:2196:20)
    at ControlFlow.wait (C:\Users\ASUS\Documents\SELENIUM-TEST\node_modules\selenium-webdriver\lib\promise.js:2525:12)
    at thenableWebDriverProxy.wait (C:\Users\ASUS\Documents\SELENIUM-TEST\node_modules\selenium-webdriver\lib\webdriver.js:934:29)
    at createWorld.&lt;anonymous&gt; (C:\Users\ASUS\Documents\SELENIUM-TEST\step-definitions\signupfemale-steps.js:35:23)
    at processTicksAndRejections (internal/process/task_queues.js:77:11)</failure>
        </testcase>
    </testsuite>
    <testsuite name="sign-up-on-the-website;user-failed-to-signup-on-the-website" tests="3" failures="0" skipped="0">
        <properties>
            <property name="@failed" value="true">
            </property>
            <property name="URI" value="C:\Users\ASUS\Documents\SELENIUM-TEST\features\signupfemale.feature">
            </property>
        </properties>
        <testcase name="Given user browse singup famale page" classname="sign-up-on-the-website;user-failed-to-signup-on-the-website" time="0.0002433">
        </testcase>
        <testcase name="When user click signup button" classname="sign-up-on-the-website;user-failed-to-signup-on-the-website" time="0.0001433">
        </testcase>
        <testcase name="Then user see validation message" classname="sign-up-on-the-website;user-failed-to-signup-on-the-website" time="7.2685577">
        </testcase>
    </testsuite>
    <testsuite name="sign-up-on-the-website;user-failed-to-signup-on-the-website" tests="4" failures="0" skipped="0">
        <properties>
            <property name="@failed" value="true">
            </property>
            <property name="URI" value="C:\Users\ASUS\Documents\SELENIUM-TEST\features\signupfemale.feature">
            </property>
        </properties>
        <testcase name="Given user browse singup famale page" classname="sign-up-on-the-website;user-failed-to-signup-on-the-website" time="0.0002286">
        </testcase>
        <testcase name="And yser fill invalid phone number" classname="sign-up-on-the-website;user-failed-to-signup-on-the-website" time="0.0002019">
        </testcase>
        <testcase name="When user click signup button" classname="sign-up-on-the-website;user-failed-to-signup-on-the-website" time="0.0001311">
        </testcase>
        <testcase name="Then user see validation message" classname="sign-up-on-the-website;user-failed-to-signup-on-the-website" time="7.055365">
        </testcase>
    </testsuite>
</testsuites>